// Jest Snapshot v1, https://goo.gl/fbAQLP

exports[`queryParamsLoader correctly loads query params 1`] = `
{
  "data": "{
    "productIds": [1, 2],
    "product": 1,
    "name": "Fred"
}
",
  "type": "queryParams.json",
}
`;
