// Jest Snapshot v1, https://goo.gl/fbAQLP

exports[`generateWidgetConfiguration correctly generates a widget configuration 1`] = `
{
  "animationDuration": "400",
  "buttonActionType": "addToCart",
  "buttonBorderColor": "rgba(102,102,102,1);",
  "buttonBorderColorHover": "rgba(102,102,102,1);",
  "buttonBorderRadius": 4,
  "buttonColor": "rgba(68,68,68,1)",
  "buttonColorHover": "rgba(102,102,102,1);",
  "buttonFontFamily": "inherit",
  "buttonFontSize": "14",
  "buttonFontWeight": "400",
  "buttonLabel": "Add to Cart",
  "buttonPseudo": "normal",
  "buttonTextColor": "rgba(255,255,255,1)",
  "buttonTextColorHover": "rgba(255,255,255,1)",
  "buttonTextDecoration": "none",
  "buttonTextDecorationHover": "none",
  "carouselArrowBackgroundColor": "rgba(255,255,255,0.0)",
  "carouselArrowBorderColor": "rgba(255,255,255,0.0)",
  "carouselArrowColor": "#D9DCE9",
  "draggable": true,
  "easingMethod": "ease",
  "productCardBackgroundColor": "rgba(255,255,255,1)",
  "productCardBorderColor": "#D9DCE9",
  "productCardContentAlignment": {
    "horizontal": "center",
  },
  "productCardMargin": {
    "bottom": {
      "type": "px",
      "value": "0",
    },
    "left": {
      "type": "px",
      "value": "10.5",
    },
    "right": {
      "type": "px",
      "value": "10.5",
    },
    "top": {
      "type": "px",
      "value": "0",
    },
  },
  "productCardPadding": {
    "bottom": {
      "type": "px",
      "value": "16",
    },
    "left": {
      "type": "px",
      "value": "0",
    },
    "right": {
      "type": "px",
      "value": "0",
    },
    "top": {
      "type": "px",
      "value": "0",
    },
  },
  "productDescriptionFontFamily": "inherit",
  "productDescriptionFontSize": "14",
  "productDescriptionFontWeight": "400",
  "productDescriptionLineHeight": "21",
  "productDescriptionTextColor": "#000000",
  "productImageHeight": "252",
  "productNameFontFamily": "inherit",
  "productNameFontSize": "22",
  "productNameFontWeight": "400",
  "productNameLineHeight": "33",
  "productNamePseudo": "normal",
  "productNameTextColor": "#000000",
  "productNameTextColorHover": "#000000",
  "productNameTextDecoration": "none",
  "productNameTextDecorationHover": "none",
  "productPriceFontFamily": "inherit",
  "productPriceFontSize": "14",
  "productPriceFontWeight": "400",
  "productPriceLineHeight": "21",
  "productPriceTextColor": "#000000",
  "productRatingStarColorEmpty": "#D9DCE9",
  "productRatingStarColorFull": "#80000B",
  "productRatingsTextColor": "#8C93AD",
  "products": [
    {
      "productImageAlignment": {
        "horizontal": "center",
        "vertical": "middle",
      },
      "productImageFit": "fit",
    },
    {
      "productImageAlignment": {
        "horizontal": "center",
        "vertical": "middle",
      },
      "productImageFit": "fit",
    },
    {
      "productImageAlignment": {
        "horizontal": "center",
        "vertical": "middle",
      },
      "productImageFit": "fit",
    },
  ],
  "productsPerRow": "3",
  "showButton": true,
  "showProductDescription": true,
  "showProductName": true,
  "showProductPrice": true,
  "showProductRatings": true,
  "subtitle": "Description text goes here",
  "title": "Sample title text",
}
`;
